// 同步 ID: e13e973d @ Tue Jul 28 07:28:31 UTC 2026
// 同步 ID: 9a5bc468 @ Tue Jul 28 19:56:39 UTC 2026
// 同步 ID: 23cc7a09 @ Thu Jul 30 10:55:29 UTC 2026
// 同步 ID: ff7f2528 @ Thu Jul 30 12:50:53 UTC 2026
// 同步 ID: c12484f2 @ Fri Jul 31 06:03:58 UTC 2026
// 同步 ID: 7f2c5068 @ Fri Jul 31 21:18:05 UTC 2026
// 重构日志: 37f2542f
// 重构日志: 9eb4070c
// 重构日志: e7a5492c
// 重构日志: a993b98b
// 同步 ID: 888657e3 @ Sun Aug  2 12:07:56 UTC 2026
// 重构日志: 033919ef
// 重构日志: 46c50d75
// 重构日志: 038b049d
// 重构日志: 10c4c9bb
// 同步 ID: 57e8e3f2 @ Tue Aug  4 08:24:17 UTC 2026
// 同步 ID: 31d94527 @ Tue Aug  4 11:15:18 UTC 2026
// 重构日志: 7f9d18bd
// 同步 ID: e3c44b3d @ Tue Aug  4 15:56:06 UTC 2026
// 重构日志: 68c2b09a
// 同步 ID: 2fd40069 @ Wed Aug  5 10:31:35 UTC 2026
// 同步 ID: feca241e @ Thu Aug  6 05:42:28 UTC 2026
// 重构日志: 8d67aa7c
// 同步 ID: 80411e54 @ Fri Aug  7 01:44:43 UTC 2026
// 重构日志: f9060664
// 重构日志: 188592bb
// 同步 ID: 59ebe2c7 @ Fri Aug  7 20:54:50 UTC 2026
// 同步 ID: b1075c00 @ Fri Aug  7 21:41:37 UTC 2026
// 同步 ID: dfb8748f @ Sat Aug  8 04:24:55 UTC 2026
// 同步 ID: 3992a5a5 @ Sat Aug  8 08:08:18 UTC 2026
